Post Processor Report
OrCAD FILE: E:\00.LAVORI IN CORSO\METALTRONICA\25-336-0\25-336-0.MAX
Sun Feb 22 23:01:31 2026

*********************************************************

Output file: E:\00.LAVORI IN CORSO\METALTRONICA\25-336-0\25-336-0.TOP

Aperture totals for E:\00.LAVORI IN CORSO\METALTRONICA\25-336-0\25-336-0.TOP:
---------------------------------------------------------
D10:  0.1378 ROUND  --       0 Draws,       4 Flashes
D11:  0.0380 x 0.0320 RECTANGLE -----     152 Flashes
D12:  0.0610 ROUND  --       0 Draws,       2 Flashes
D13:  0.0610 SQUARE --       0 Draws,       2 Flashes
D14:  0.0400 x 0.0710 RECTANGLE -----       6 Flashes
D15:  0.0472 x 0.2047 RECTANGLE -----       2 Flashes
D16:  0.0510 x 0.1024 RECTANGLE -----       2 Flashes
D17:  0.0886 x 0.0905 RECTANGLE -----       8 Flashes
D18:  0.0320 x 0.0380 RECTANGLE -----      12 Flashes
D19:  0.0404 x 0.0501 RECTANGLE -----       2 Flashes
D20:  0.0710 x 0.0400 RECTANGLE -----       8 Flashes
D21:  0.0800 ROUND  --       0 Draws,       8 Flashes
D22:  0.0850 x 0.1080 RECTANGLE -----       2 Flashes
D23:  0.1080 x 0.0850 RECTANGLE -----       2 Flashes
D24:  0.0480 x 0.0354 RECTANGLE -----       4 Flashes
D25:  0.0500 x 0.0400 RECTANGLE -----      15 Flashes
D26:  0.0787 SQUARE --       0 Draws,       9 Flashes
D27:  0.0501 x 0.0404 RECTANGLE -----      18 Flashes
D28:  0.1669 x 0.1500 RECTANGLE -----       2 Flashes
D29:  0.1000 ROUND  --       0 Draws,       6 Flashes
D30:  0.1181 x 0.0787 OBLONG    -----       4 Flashes
D31:  0.0669 ROUND  --       0 Draws,       6 Flashes
D32:  0.0669 SQUARE --       0 Draws,       2 Flashes
D33:  0.1200 ROUND  --       0 Draws,       1 Flashes
D34:  0.1200 SQUARE --       0 Draws,       1 Flashes
D35:  0.0787 ROUND  --       0 Draws,      12 Flashes
D36:  0.0630 ROUND  --       0 Draws,       1 Flashes
D37:  0.0800 SQUARE --       0 Draws,       1 Flashes
D38:  0.0866 ROUND  --       0 Draws,      19 Flashes
D39:  0.0866 SQUARE --       0 Draws,       3 Flashes
D40:  0.0512 x 0.0236 RECTANGLE -----       4 Flashes
D41:  0.1968 x 0.1338 RECTANGLE -----       4 Flashes
D42:  0.0413 x 0.0236 RECTANGLE -----       4 Flashes
D43:  0.0187 ROUND  --       0 Draws,       2 Flashes
D44:  0.0236 x 0.0354 RECTANGLE -----       4 Flashes
D45:  0.0275 x 0.0453 RECTANGLE -----       4 Flashes
D46:  0.0400 x 0.0500 RECTANGLE -----      21 Flashes
D47:  0.1024 x 0.0510 RECTANGLE -----       4 Flashes
D48:  0.0760 x 0.1200 RECTANGLE -----       4 Flashes
D49:  0.1968 ROUND  --       0 Draws,       2 Flashes
D50:  0.1736 x 0.0787 RECTANGLE -----       2 Flashes
D51:  0.0236 x 0.0787 RECTANGLE -----       8 Flashes
D52:  0.0650 x 0.1120 RECTANGLE -----       1 Flashes
D53:  0.0354 x 0.0165 RECTANGLE -----      12 Flashes
D54:  0.0354 x 0.0512 RECTANGLE -----       8 Flashes
D55:  0.0138 x 0.0400 RECTANGLE -----      16 Flashes
D56:  0.0650 x 0.0256 OBLONG    -----       8 Flashes
D57:  0.0680 x 0.1580 RECTANGLE -----       1 Flashes
D58:  0.0680 x 0.0550 RECTANGLE -----       3 Flashes
D59:  0.0110 x 0.0700 OBLONG    -----      28 Flashes
D60:  0.0110 x 0.0700 RECTANGLE -----       4 Flashes
D61:  0.0700 x 0.0110 OBLONG    -----      29 Flashes
D62:  0.0700 x 0.0110 RECTANGLE -----       3 Flashes
D63:  0.0276 ROUND  --       0 Draws,     321 Flashes
D64:  0.0394 ROUND  --       0 Draws,       3 Flashes
D65:  0.0000 ROUND  --     413 Draws,       0 Flashes
D66:  0.0050 ROUND  --     126 Draws,       0 Flashes
D67:  0.0100 ROUND  --   10577 Draws,       2 Flashes
D68:  0.0800 ROUND  --      61 Draws,       0 Flashes
D69:  0.0250 ROUND  --     225 Draws,       0 Flashes
D70:  0.0276 ROUND  --       0 Draws,     141 Flashes
D71:  0.0500 ROUND  --      26 Draws,       0 Flashes
D72:  0.0197 ROUND  --      13 Draws,       0 Flashes
D73:  0.0200 ROUND  --       3 Draws,       0 Flashes
D74:  0.0150 ROUND  --       6 Draws,       0 Flashes
D75:  0.0276 ROUND  --       0 Draws,       2 Flashes
D76:  0.0060 ROUND  --      50 Draws,       0 Flashes
D77:  0.0080 ROUND  --      17 Draws,       0 Flashes
---------------------------------------------------------
 68 D-Codes      -----   11517 Draws,     961 Flashes

*********************************************************

Output file: E:\00.LAVORI IN CORSO\METALTRONICA\25-336-0\25-336-0.BOT

Aperture totals for E:\00.LAVORI IN CORSO\METALTRONICA\25-336-0\25-336-0.BOT:
---------------------------------------------------------
D10:  0.1378 ROUND  --       0 Draws,       4 Flashes
D12:  0.0610 ROUND  --       0 Draws,       2 Flashes
D13:  0.0610 SQUARE --       0 Draws,       2 Flashes
D21:  0.0800 ROUND  --       0 Draws,       8 Flashes
D26:  0.0787 SQUARE --       0 Draws,       3 Flashes
D29:  0.1000 ROUND  --       0 Draws,       6 Flashes
D30:  0.1181 x 0.0787 OBLONG    -----       4 Flashes
D31:  0.0669 ROUND  --       0 Draws,       6 Flashes
D32:  0.0669 SQUARE --       0 Draws,       2 Flashes
D33:  0.1200 ROUND  --       0 Draws,       1 Flashes
D34:  0.1200 SQUARE --       0 Draws,       1 Flashes
D35:  0.0787 ROUND  --       0 Draws,      12 Flashes
D36:  0.0630 ROUND  --       0 Draws,       1 Flashes
D37:  0.0800 SQUARE --       0 Draws,       1 Flashes
D38:  0.0866 ROUND  --       0 Draws,      19 Flashes
D39:  0.0866 SQUARE --       0 Draws,       3 Flashes
D49:  0.1968 ROUND  --       0 Draws,       2 Flashes
D63:  0.0276 ROUND  --       0 Draws,     321 Flashes
D67:  0.0100 ROUND  --    5836 Draws,       0 Flashes
D68:  0.0800 ROUND  --       4 Draws,       0 Flashes
D69:  0.0250 ROUND  --      22 Draws,       0 Flashes
D70:  0.0276 ROUND  --       0 Draws,     137 Flashes
D75:  0.0276 ROUND  --       0 Draws,       4 Flashes
D76:  0.0060 ROUND  --      50 Draws,       0 Flashes
D77:  0.0080 ROUND  --      21 Draws,       0 Flashes
D78:  0.0276 ROUND  --       0 Draws,       2 Flashes
---------------------------------------------------------
 26 D-Codes      -----    5933 Draws,     541 Flashes

*********************************************************

Output file: E:\00.LAVORI IN CORSO\METALTRONICA\25-336-0\25-336-0.IN1

Aperture totals for E:\00.LAVORI IN CORSO\METALTRONICA\25-336-0\25-336-0.IN1:
---------------------------------------------------------
D10:  0.1378 ROUND  --       0 Draws,       4 Flashes
D12:  0.0610 ROUND  --       0 Draws,       2 Flashes
D13:  0.0610 SQUARE --       0 Draws,       2 Flashes
D21:  0.0800 ROUND  --       0 Draws,       8 Flashes
D26:  0.0787 SQUARE --       0 Draws,       3 Flashes
D29:  0.1000 ROUND  --       0 Draws,       6 Flashes
D30:  0.1181 x 0.0787 OBLONG    -----       4 Flashes
D31:  0.0669 ROUND  --       0 Draws,       6 Flashes
D32:  0.0669 SQUARE --       0 Draws,       2 Flashes
D33:  0.1200 ROUND  --       0 Draws,       1 Flashes
D34:  0.1200 SQUARE --       0 Draws,       1 Flashes
D35:  0.0787 ROUND  --       0 Draws,      12 Flashes
D36:  0.0630 ROUND  --       0 Draws,       1 Flashes
D37:  0.0800 SQUARE --       0 Draws,       1 Flashes
D38:  0.0866 ROUND  --       0 Draws,      19 Flashes
D39:  0.0866 SQUARE --       0 Draws,       3 Flashes
D49:  0.1968 ROUND  --       0 Draws,       2 Flashes
D63:  0.0276 ROUND  --       0 Draws,     321 Flashes
D67:  0.0100 ROUND  --    5333 Draws,       0 Flashes
D75:  0.0276 ROUND  --       0 Draws,      81 Flashes
D78:  0.0276 ROUND  --       0 Draws,      62 Flashes
---------------------------------------------------------
 21 D-Codes      -----    5333 Draws,     541 Flashes

*********************************************************

Output file: E:\00.LAVORI IN CORSO\METALTRONICA\25-336-0\25-336-0.IN2

Aperture totals for E:\00.LAVORI IN CORSO\METALTRONICA\25-336-0\25-336-0.IN2:
---------------------------------------------------------
D10:  0.1378 ROUND  --       0 Draws,       4 Flashes
D12:  0.0610 ROUND  --       0 Draws,       2 Flashes
D13:  0.0610 SQUARE --       0 Draws,       2 Flashes
D21:  0.0800 ROUND  --       0 Draws,       8 Flashes
D26:  0.0787 SQUARE --       0 Draws,       3 Flashes
D29:  0.1000 ROUND  --       0 Draws,       6 Flashes
D30:  0.1181 x 0.0787 OBLONG    -----       4 Flashes
D31:  0.0669 ROUND  --       0 Draws,       6 Flashes
D32:  0.0669 SQUARE --       0 Draws,       2 Flashes
D33:  0.1200 ROUND  --       0 Draws,       1 Flashes
D34:  0.1200 SQUARE --       0 Draws,       1 Flashes
D35:  0.0787 ROUND  --       0 Draws,      12 Flashes
D36:  0.0630 ROUND  --       0 Draws,       1 Flashes
D37:  0.0800 SQUARE --       0 Draws,       1 Flashes
D38:  0.0866 ROUND  --       0 Draws,      19 Flashes
D39:  0.0866 SQUARE --       0 Draws,       3 Flashes
D49:  0.1968 ROUND  --       0 Draws,       2 Flashes
D63:  0.0276 ROUND  --       0 Draws,     321 Flashes
D67:  0.0100 ROUND  --    4930 Draws,       0 Flashes
D75:  0.0276 ROUND  --       0 Draws,      81 Flashes
D78:  0.0276 ROUND  --       0 Draws,      62 Flashes
---------------------------------------------------------
 21 D-Codes      -----    4930 Draws,     541 Flashes

*********************************************************

Output file: E:\00.LAVORI IN CORSO\METALTRONICA\25-336-0\25-336-0.SMT

Aperture totals for E:\00.LAVORI IN CORSO\METALTRONICA\25-336-0\25-336-0.SMT:
---------------------------------------------------------
D11:  0.0380 x 0.0320 RECTANGLE -----     152 Flashes
D12:  0.0610 ROUND  --       0 Draws,       2 Flashes
D13:  0.0610 SQUARE --       0 Draws,       2 Flashes
D14:  0.0400 x 0.0710 RECTANGLE -----       6 Flashes
D15:  0.0472 x 0.2047 RECTANGLE -----       2 Flashes
D16:  0.0510 x 0.1024 RECTANGLE -----       2 Flashes
D17:  0.0886 x 0.0905 RECTANGLE -----       8 Flashes
D18:  0.0320 x 0.0380 RECTANGLE -----      12 Flashes
D19:  0.0404 x 0.0501 RECTANGLE -----       2 Flashes
D20:  0.0710 x 0.0400 RECTANGLE -----       8 Flashes
D21:  0.0800 ROUND  --       0 Draws,       8 Flashes
D22:  0.0850 x 0.1080 RECTANGLE -----       2 Flashes
D23:  0.1080 x 0.0850 RECTANGLE -----       2 Flashes
D24:  0.0480 x 0.0354 RECTANGLE -----       4 Flashes
D25:  0.0500 x 0.0400 RECTANGLE -----      15 Flashes
D26:  0.0787 SQUARE --       0 Draws,       9 Flashes
D27:  0.0501 x 0.0404 RECTANGLE -----      18 Flashes
D28:  0.1669 x 0.1500 RECTANGLE -----       2 Flashes
D29:  0.1000 ROUND  --       0 Draws,       6 Flashes
D30:  0.1181 x 0.0787 OBLONG    -----       4 Flashes
D31:  0.0669 ROUND  --       0 Draws,       6 Flashes
D32:  0.0669 SQUARE --       0 Draws,       2 Flashes
D33:  0.1200 ROUND  --       0 Draws,       1 Flashes
D34:  0.1200 SQUARE --       0 Draws,       1 Flashes
D35:  0.0787 ROUND  --       0 Draws,      12 Flashes
D37:  0.0800 SQUARE --       0 Draws,       1 Flashes
D38:  0.0866 ROUND  --       0 Draws,      19 Flashes
D39:  0.0866 SQUARE --       0 Draws,       3 Flashes
D40:  0.0512 x 0.0236 RECTANGLE -----       4 Flashes
D41:  0.1968 x 0.1338 RECTANGLE -----       4 Flashes
D42:  0.0413 x 0.0236 RECTANGLE -----       4 Flashes
D46:  0.0400 x 0.0500 RECTANGLE -----      21 Flashes
D47:  0.1024 x 0.0510 RECTANGLE -----       4 Flashes
D48:  0.0760 x 0.1200 RECTANGLE -----       4 Flashes
D49:  0.1968 ROUND  --       0 Draws,       2 Flashes
D50:  0.1736 x 0.0787 RECTANGLE -----       2 Flashes
D51:  0.0236 x 0.0787 RECTANGLE -----       8 Flashes
D52:  0.0650 x 0.1120 RECTANGLE -----       1 Flashes
D53:  0.0354 x 0.0165 RECTANGLE -----      12 Flashes
D54:  0.0354 x 0.0512 RECTANGLE -----       8 Flashes
D55:  0.0138 x 0.0400 RECTANGLE -----      16 Flashes
D56:  0.0650 x 0.0256 OBLONG    -----       8 Flashes
D57:  0.0680 x 0.1580 RECTANGLE -----       1 Flashes
D58:  0.0680 x 0.0550 RECTANGLE -----       3 Flashes
D59:  0.0110 x 0.0700 OBLONG    -----      28 Flashes
D60:  0.0110 x 0.0700 RECTANGLE -----       4 Flashes
D61:  0.0700 x 0.0110 OBLONG    -----      29 Flashes
D62:  0.0700 x 0.0110 RECTANGLE -----       3 Flashes
D66:  0.0050 ROUND  --     160 Draws,       0 Flashes
D67:  0.0100 ROUND  --     887 Draws,       0 Flashes
D79:  0.0334 x 0.0512 RECTANGLE -----       4 Flashes
D80:  0.0590 ROUND  --       0 Draws,       3 Flashes
D81:  0.0010 ROUND  --     426 Draws,       0 Flashes
---------------------------------------------------------
 53 D-Codes      -----    1473 Draws,     484 Flashes

*********************************************************

Output file: E:\00.LAVORI IN CORSO\METALTRONICA\25-336-0\25-336-0.SMB

Aperture totals for E:\00.LAVORI IN CORSO\METALTRONICA\25-336-0\25-336-0.SMB:
---------------------------------------------------------
D12:  0.0610 ROUND  --       0 Draws,       2 Flashes
D13:  0.0610 SQUARE --       0 Draws,       2 Flashes
D21:  0.0800 ROUND  --       0 Draws,       8 Flashes
D26:  0.0787 SQUARE --       0 Draws,       3 Flashes
D29:  0.1000 ROUND  --       0 Draws,       6 Flashes
D30:  0.1181 x 0.0787 OBLONG    -----       4 Flashes
D31:  0.0669 ROUND  --       0 Draws,       6 Flashes
D32:  0.0669 SQUARE --       0 Draws,       2 Flashes
D33:  0.1200 ROUND  --       0 Draws,       1 Flashes
D34:  0.1200 SQUARE --       0 Draws,       1 Flashes
D35:  0.0787 ROUND  --       0 Draws,      12 Flashes
D37:  0.0800 SQUARE --       0 Draws,       1 Flashes
D38:  0.0866 ROUND  --       0 Draws,      19 Flashes
D39:  0.0866 SQUARE --       0 Draws,       3 Flashes
D49:  0.1968 ROUND  --       0 Draws,       2 Flashes
D67:  0.0100 ROUND  --    1650 Draws,       0 Flashes
---------------------------------------------------------
 16 D-Codes      -----    1650 Draws,      72 Flashes

*********************************************************

Output file: E:\00.LAVORI IN CORSO\METALTRONICA\25-336-0\25-336-0.SPT

Aperture totals for E:\00.LAVORI IN CORSO\METALTRONICA\25-336-0\25-336-0.SPT:
---------------------------------------------------------
D11:  0.0380 x 0.0320 RECTANGLE -----     152 Flashes
D14:  0.0400 x 0.0710 RECTANGLE -----       6 Flashes
D15:  0.0472 x 0.2047 RECTANGLE -----       2 Flashes
D16:  0.0510 x 0.1024 RECTANGLE -----       2 Flashes
D17:  0.0886 x 0.0905 RECTANGLE -----       8 Flashes
D18:  0.0320 x 0.0380 RECTANGLE -----      12 Flashes
D19:  0.0404 x 0.0501 RECTANGLE -----       2 Flashes
D20:  0.0710 x 0.0400 RECTANGLE -----       8 Flashes
D22:  0.0850 x 0.1080 RECTANGLE -----       2 Flashes
D23:  0.1080 x 0.0850 RECTANGLE -----       2 Flashes
D24:  0.0480 x 0.0354 RECTANGLE -----       4 Flashes
D25:  0.0500 x 0.0400 RECTANGLE -----      15 Flashes
D26:  0.0787 SQUARE --       0 Draws,       6 Flashes
D27:  0.0501 x 0.0404 RECTANGLE -----      18 Flashes
D28:  0.1669 x 0.1500 RECTANGLE -----       2 Flashes
D40:  0.0512 x 0.0236 RECTANGLE -----       4 Flashes
D41:  0.1968 x 0.1338 RECTANGLE -----       4 Flashes
D42:  0.0413 x 0.0236 RECTANGLE -----       4 Flashes
D44:  0.0236 x 0.0354 RECTANGLE -----       4 Flashes
D46:  0.0400 x 0.0500 RECTANGLE -----      21 Flashes
D47:  0.1024 x 0.0510 RECTANGLE -----       4 Flashes
D48:  0.0760 x 0.1200 RECTANGLE -----       4 Flashes
D50:  0.1736 x 0.0787 RECTANGLE -----       2 Flashes
D51:  0.0236 x 0.0787 RECTANGLE -----       8 Flashes
D53:  0.0354 x 0.0165 RECTANGLE -----      12 Flashes
D54:  0.0354 x 0.0512 RECTANGLE -----       8 Flashes
D55:  0.0138 x 0.0400 RECTANGLE -----      16 Flashes
D56:  0.0650 x 0.0256 OBLONG    -----       8 Flashes
D57:  0.0680 x 0.1580 RECTANGLE -----       1 Flashes
D58:  0.0680 x 0.0550 RECTANGLE -----       3 Flashes
D59:  0.0110 x 0.0700 OBLONG    -----      28 Flashes
D60:  0.0110 x 0.0700 RECTANGLE -----       4 Flashes
D61:  0.0700 x 0.0110 OBLONG    -----      29 Flashes
D62:  0.0700 x 0.0110 RECTANGLE -----       3 Flashes
D66:  0.0050 ROUND  --     160 Draws,       0 Flashes
D76:  0.0060 ROUND  --      36 Draws,       0 Flashes
D81:  0.0010 ROUND  --     594 Draws,       0 Flashes
D82:  0.0236 x 0.0413 RECTANGLE -----       4 Flashes
---------------------------------------------------------
 38 D-Codes      -----     790 Draws,     412 Flashes

*********************************************************

Output file: E:\00.LAVORI IN CORSO\METALTRONICA\25-336-0\25-336-0.SST

Aperture totals for E:\00.LAVORI IN CORSO\METALTRONICA\25-336-0\25-336-0.SST:
---------------------------------------------------------
D66:  0.0050 ROUND  --       4 Draws,       0 Flashes
D67:  0.0100 ROUND  --      37 Draws,       0 Flashes
D69:  0.0250 ROUND  --      66 Draws,       0 Flashes
D76:  0.0060 ROUND  --    5356 Draws,       5 Flashes
D77:  0.0080 ROUND  --     137 Draws,       0 Flashes
D81:  0.0010 ROUND  --     307 Draws,       0 Flashes
D83:  0.0079 ROUND  --     137 Draws,       0 Flashes
---------------------------------------------------------
  7 D-Codes      -----    6044 Draws,       5 Flashes

*********************************************************

Output file: E:\00.LAVORI IN CORSO\METALTRONICA\25-336-0\25-336-0.DRD

Aperture totals for E:\00.LAVORI IN CORSO\METALTRONICA\25-336-0\25-336-0.DRD:
---------------------------------------------------------
D67:  0.0100 ROUND  --    2484 Draws,       0 Flashes
D69:  0.0250 ROUND  --       5 Draws,       0 Flashes
---------------------------------------------------------
  2 D-Codes      -----    2489 Draws,       0 Flashes

*********************************************************

Output file: E:\00.LAVORI IN CORSO\METALTRONICA\25-336-0\25-336-0.DRL

Aperture totals for E:\00.LAVORI IN CORSO\METALTRONICA\25-336-0\25-336-0.DRL:
---------------------------------------------------------
D10:  0.1378 ROUND  --       0 Draws,       4 Flashes
D36:  0.0630 ROUND  --       0 Draws,       5 Flashes
D64:  0.0394 ROUND  --       0 Draws,      21 Flashes
D69:  0.0250 ROUND  --       5 Draws,       0 Flashes
D84:  0.0315 ROUND  --       0 Draws,       4 Flashes
D85:  0.0433 ROUND  --       0 Draws,      16 Flashes
D86:  0.0472 ROUND  --       0 Draws,      23 Flashes
D87:  0.0551 ROUND  --       0 Draws,       2 Flashes
D88:  0.1063 ROUND  --       0 Draws,       2 Flashes
D89:  0.0079 ROUND  --       0 Draws,     321 Flashes
D90:  0.0590 ROUND  --       3 Draws,       0 Flashes
D91:  0.0079 ROUND  --       0 Draws,      57 Flashes
D92:  0.0079 ROUND  --       0 Draws,      86 Flashes
---------------------------------------------------------
 13 D-Codes      -----       8 Draws,     541 Flashes


*********************************************************

Aperture totals for entire project:
---------------------------------------------------------
D10:  0.1378 ROUND  --       0 Draws,      20 Flashes
D11:  0.0380 x 0.0320 RECTANGLE -----     456 Flashes
D12:  0.0610 ROUND  --       0 Draws,      12 Flashes
D13:  0.0610 SQUARE --       0 Draws,      12 Flashes
D14:  0.0400 x 0.0710 RECTANGLE -----      18 Flashes
D15:  0.0472 x 0.2047 RECTANGLE -----       6 Flashes
D16:  0.0510 x 0.1024 RECTANGLE -----       6 Flashes
D17:  0.0886 x 0.0905 RECTANGLE -----      24 Flashes
D18:  0.0320 x 0.0380 RECTANGLE -----      36 Flashes
D19:  0.0404 x 0.0501 RECTANGLE -----       6 Flashes
D20:  0.0710 x 0.0400 RECTANGLE -----      24 Flashes
D21:  0.0800 ROUND  --       0 Draws,      48 Flashes
D22:  0.0850 x 0.1080 RECTANGLE -----       6 Flashes
D23:  0.1080 x 0.0850 RECTANGLE -----       6 Flashes
D24:  0.0480 x 0.0354 RECTANGLE -----      12 Flashes
D25:  0.0500 x 0.0400 RECTANGLE -----      45 Flashes
D26:  0.0787 SQUARE --       0 Draws,      36 Flashes
D27:  0.0501 x 0.0404 RECTANGLE -----      54 Flashes
D28:  0.1669 x 0.1500 RECTANGLE -----       6 Flashes
D29:  0.1000 ROUND  --       0 Draws,      36 Flashes
D30:  0.1181 x 0.0787 OBLONG    -----      24 Flashes
D31:  0.0669 ROUND  --       0 Draws,      36 Flashes
D32:  0.0669 SQUARE --       0 Draws,      12 Flashes
D33:  0.1200 ROUND  --       0 Draws,       6 Flashes
D34:  0.1200 SQUARE --       0 Draws,       6 Flashes
D35:  0.0787 ROUND  --       0 Draws,      72 Flashes
D36:  0.0630 ROUND  --       0 Draws,       9 Flashes
D37:  0.0800 SQUARE --       0 Draws,       6 Flashes
D38:  0.0866 ROUND  --       0 Draws,     114 Flashes
D39:  0.0866 SQUARE --       0 Draws,      18 Flashes
D40:  0.0512 x 0.0236 RECTANGLE -----      12 Flashes
D41:  0.1968 x 0.1338 RECTANGLE -----      12 Flashes
D42:  0.0413 x 0.0236 RECTANGLE -----      12 Flashes
D43:  0.0187 ROUND  --       0 Draws,       2 Flashes
D44:  0.0236 x 0.0354 RECTANGLE -----       8 Flashes
D45:  0.0275 x 0.0453 RECTANGLE -----       4 Flashes
D46:  0.0400 x 0.0500 RECTANGLE -----      63 Flashes
D47:  0.1024 x 0.0510 RECTANGLE -----      12 Flashes
D48:  0.0760 x 0.1200 RECTANGLE -----      12 Flashes
D49:  0.1968 ROUND  --       0 Draws,      12 Flashes
D50:  0.1736 x 0.0787 RECTANGLE -----       6 Flashes
D51:  0.0236 x 0.0787 RECTANGLE -----      24 Flashes
D52:  0.0650 x 0.1120 RECTANGLE -----       2 Flashes
D53:  0.0354 x 0.0165 RECTANGLE -----      36 Flashes
D54:  0.0354 x 0.0512 RECTANGLE -----      24 Flashes
D55:  0.0138 x 0.0400 RECTANGLE -----      48 Flashes
D56:  0.0650 x 0.0256 OBLONG    -----      24 Flashes
D57:  0.0680 x 0.1580 RECTANGLE -----       3 Flashes
D58:  0.0680 x 0.0550 RECTANGLE -----       9 Flashes
D59:  0.0110 x 0.0700 OBLONG    -----      84 Flashes
D60:  0.0110 x 0.0700 RECTANGLE -----      12 Flashes
D61:  0.0700 x 0.0110 OBLONG    -----      87 Flashes
D62:  0.0700 x 0.0110 RECTANGLE -----       9 Flashes
D63:  0.0276 ROUND  --       0 Draws,    1284 Flashes
D64:  0.0394 ROUND  --       0 Draws,      24 Flashes
D65:  0.0000 ROUND  --     413 Draws,       0 Flashes
D66:  0.0050 ROUND  --     450 Draws,       0 Flashes
D67:  0.0100 ROUND  --   31734 Draws,       2 Flashes
D68:  0.0800 ROUND  --      65 Draws,       0 Flashes
D69:  0.0250 ROUND  --     323 Draws,       0 Flashes
D70:  0.0276 ROUND  --       0 Draws,     278 Flashes
D71:  0.0500 ROUND  --      26 Draws,       0 Flashes
D72:  0.0197 ROUND  --      13 Draws,       0 Flashes
D73:  0.0200 ROUND  --       3 Draws,       0 Flashes
D74:  0.0150 ROUND  --       6 Draws,       0 Flashes
D75:  0.0276 ROUND  --       0 Draws,     168 Flashes
D76:  0.0060 ROUND  --    5492 Draws,       5 Flashes
D77:  0.0080 ROUND  --     175 Draws,       0 Flashes
D78:  0.0276 ROUND  --       0 Draws,     126 Flashes
D79:  0.0334 x 0.0512 RECTANGLE -----       4 Flashes
D80:  0.0590 ROUND  --       0 Draws,       3 Flashes
D81:  0.0010 ROUND  --    1327 Draws,       0 Flashes
D82:  0.0236 x 0.0413 RECTANGLE -----       4 Flashes
D83:  0.0079 ROUND  --     137 Draws,       0 Flashes
D84:  0.0315 ROUND  --       0 Draws,       4 Flashes
D85:  0.0433 ROUND  --       0 Draws,      16 Flashes
D86:  0.0472 ROUND  --       0 Draws,      23 Flashes
D87:  0.0551 ROUND  --       0 Draws,       2 Flashes
D88:  0.1063 ROUND  --       0 Draws,       2 Flashes
D89:  0.0079 ROUND  --       0 Draws,     321 Flashes
D90:  0.0590 ROUND  --       3 Draws,       0 Flashes
D91:  0.0079 ROUND  --       0 Draws,      57 Flashes
D92:  0.0079 ROUND  --       0 Draws,      86 Flashes
---------------------------------------------------------
 83 D-Codes      -----   40167 Draws,    4098 Flashes


No warnings or errors.
